// Jest Snapshot v1, https://goo.gl/fbAQLP

exports[`Button Bar renders correctly 1`] = `
<nav
  className="css-1b6p5hc"
/>
`;
