// Jest Snapshot v1, https://goo.gl/fbAQLP

exports[`Image renders correctly 1`] = `
<div
  className=" gatsby-image-wrapper"
  style={
    Object {
      "maxHeight": null,
      "maxWidth": null,
      "overflow": "hidden",
      "position": "relative",
    }
  }
>
  <div
    aria-hidden={true}
    style={
      Object {
        "paddingBottom": "100%",
        "width": "100%",
      }
    }
  />
  <img
    alt=""
    aria-hidden={true}
    src="data:image/png;base64,iVBORw0KG"
    style={
      Object {
        "height": "100%",
        "left": 0,
        "objectFit": "cover",
        "objectPosition": "center",
        "opacity": 1,
        "position": "absolute",
        "top": 0,
        "transitionDelay": "500ms",
        "width": "100%",
      }
    }
  />
  <picture>
    <source
      sizes="(max-width: 200px) 100vw, 200px"
      srcSet="icon.png 50w, icon.png 100w"
    />
    <img
      alt=""
      loading="lazy"
      onLoad={[Function]}
      sizes="(max-width: 200px) 100vw, 200px"
      src="icon.png"
      srcSet="icon.png 50w, icon.png 100w"
      style={
        Object {
          "height": "100%",
          "left": 0,
          "objectFit": "cover",
          "objectPosition": "center",
          "opacity": 0,
          "position": "absolute",
          "top": 0,
          "transition": "opacity 500ms",
          "width": "100%",
        }
      }
    />
  </picture>
  <noscript
    dangerouslySetInnerHTML={
      Object {
        "__html": "<picture><source srcset=\\"icon.png 50w, icon.png 100w\\" sizes=\\"(max-width: 200px) 100vw, 200px\\" /><img loading=\\"lazy\\" sizes=\\"(max-width: 200px) 100vw, 200px\\" srcset=\\"icon.png 50w, icon.png 100w\\" src=\\"icon.png\\" alt=\\"\\" style=\\"position:absolute;top:0;left:0;opacity:1;width:100%;height:100%;object-fit:cover;object-position:center\\"/></picture>",
      }
    }
  />
</div>
`;
