// Jest Snapshot v1, https://goo.gl/fbAQLP

exports[`Layout renders correctly 1`] = `
<div
  style={
    Object {
      "opacity": 1,
      "transition": "opacity 500ms ease-in-out",
    }
  }
>
  <div
    style={
      Object {
        "margin": "0 auto",
        "maxWidth": 960,
        "padding": "0 1.0875rem 1.45rem",
      }
    }
  >
    <main>
      Some content
    </main>
    <footer
      className="css-1bxtzlt"
    >
      <p>
        Compiled by 
        <a
          href="http://katy-ereira.co.uk"
        >
          Katy Ereira
        </a>
         /
         
        <a
          href="http://twitter.com/maccath"
        >
          @maccath
        </a>
         | Fist icon by
         
        <a
          href="https://thenounproject.com/cesarreynoso562/"
        >
          Cesar Reynoso
        </a>
      </p>
    </footer>
  </div>
</div>
`;
